
> carbon-footprint-awareness@1.0.0 test
> vitest run


[7m[1m[36m RUN [39m[22m[27m [36mv1.6.1[39m [90mD:/DEV/carbon-footprint[39m

node.exe : [90mstderr[2m | src/__tests__/app.test.tsx[2m > [22m[2mChatView[2m > [22m[2mrenders 
heading[22m[39m
At line:1 char:1
+ & "C:\Program Files\nodejs/node.exe" "C:\Program Files\nodejs/node_mo ...
+ ~~~~~~~~~~~~~~~~~~~~~~~~~~~~~~~~~~~~~~~~~~~~~~~~~~~~~~~~~~~~~~~~~~~~~
    + CategoryInfo          : NotSpecified: ([90mstderr[2m...ading[22m[39m:String) [], RemoteException
    + FullyQualifiedErrorId : NativeCommandError
 
Error: Uncaught [TypeError: bottomRef.current?.scrollIntoView is not a function]
    at reportException 
(D:\DEV\carbon-footprint\node_modules\jsdom\lib\jsdom\living\helpers\runtime-script-errors.js:66:24)
    at innerInvokeEventListeners 
(D:\DEV\carbon-footprint\node_modules\jsdom\lib\jsdom\living\events\EventTarget-impl.js:353:9)
    at invokeEventListeners 
(D:\DEV\carbon-footprint\node_modules\jsdom\lib\jsdom\living\events\EventTarget-impl.js:286:3)
    at HTMLUnknownElementImpl._dispatch 
(D:\DEV\carbon-footprint\node_modules\jsdom\lib\jsdom\living\events\EventTarget-impl.js:233:9)
    at HTMLUnknownElementImpl.dispatchEvent 
(D:\DEV\carbon-footprint\node_modules\jsdom\lib\jsdom\living\events\EventTarget-impl.js:104:17)
    at HTMLUnknownElement.dispatchEvent 
(D:\DEV\carbon-footprint\node_modules\jsdom\lib\jsdom\living\generated\EventTarget.js:241:34)
    at Object.invokeGuardedCallbackDev 
(D:\DEV\carbon-footprint\node_modules\react-dom\cjs\react-dom.development.js:4213:16)
    at invokeGuardedCallback (D:\DEV\carbon-footprint\node_modules\react-dom\cjs\react-dom.development.js:4277:31)
    at reportUncaughtErrorInDEV (D:\DEV\carbon-footprint\node_modules\react-dom\cjs\react-dom.development.js:22877:5)
    at captureCommitPhaseError (D:\DEV\carbon-footprint\node_modules\react-dom\cjs\react-dom.development.js:27165:5) 
TypeError: bottomRef.current?.scrollIntoView is not a function
    at [90mD:\DEV\carbon-footprint\[39msrc\components\chat\ChatView.tsx:21:24
    at commitHookEffectListMount 
[90m(D:\DEV\carbon-footprint\[39mnode_modules\[4mreact-dom[24m\cjs\react-dom.development.js:23189:26[90m)[39m
    at commitPassiveMountOnFiber 
[90m(D:\DEV\carbon-footprint\[39mnode_modules\[4mreact-dom[24m\cjs\react-dom.development.js:24970:11[90m)[39m
    at commitPassiveMountEffects_complete 
[90m(D:\DEV\carbon-footprint\[39mnode_modules\[4mreact-dom[24m\cjs\react-dom.development.js:24930:9[90m)[39m
    at commitPassiveMountEffects_begin 
[90m(D:\DEV\carbon-footprint\[39mnode_modules\[4mreact-dom[24m\cjs\react-dom.development.js:24917:7[90m)[39m
    at commitPassiveMountEffects 
[90m(D:\DEV\carbon-footprint\[39mnode_modules\[4mreact-dom[24m\cjs\react-dom.development.js:24905:3[90m)[39m
    at flushPassiveEffectsImpl 
[90m(D:\DEV\carbon-footprint\[39mnode_modules\[4mreact-dom[24m\cjs\react-dom.development.js:27078:3[90m)[39m
    at flushPassiveEffects 
[90m(D:\DEV\carbon-footprint\[39mnode_modules\[4mreact-dom[24m\cjs\react-dom.development.js:27023:14[90m)[39m
    at [90mD:\DEV\carbon-footprint\[39mnode_modules\[4mreact-dom[24m\cjs\react-dom.development.js:26808:9
    at flushActQueue 
[90m(D:\DEV\carbon-footprint\[39mnode_modules\[4mreact[24m\cjs\react.development.js:2667:24[90m)[39m
ΓÜá∩╕Å React Router Future Flag Warning: React Router will begin wrapping state updates in `React.startTransition` in 
v7. You can use the `v7_startTransition` future flag to opt-in early. For more information, see 
https://reactrouter.com/v6/upgrading/future#v7_starttransition.
ΓÜá∩╕Å React Router Future Flag Warning: Relative route resolution within Splat routes is changing in v7. You can use 
the `v7_relativeSplatPath` future flag to opt-in early. For more information, see 
https://reactrouter.com/v6/upgrading/future#v7_relativesplatpath.
The above error occurred in the <ChatView> component:

    at ChatView (D:\DEV\carbon-footprint\src\components\chat\ChatView.tsx:19:51)
    at Router (D:\DEV\carbon-footprint\node_modules\react-router\dist\umd\react-router.development.js:1203:17)
    at MemoryRouter (D:\DEV\carbon-footprint\node_modules\react-router\dist\umd\react-router.development.js:1097:7)

Consider adding an error boundary to your tree to customize error handling behavior.
Visit https://reactjs.org/link/error-boundaries to learn more about error boundaries.

[90mstderr[2m | src/__tests__/app.test.tsx[2m > [22m[2mChatView[2m > [22m[2mrenders suggestion chips[22m[39m
Error: Uncaught [TypeError: bottomRef.current?.scrollIntoView is not a function]
    at reportException 
(D:\DEV\carbon-footprint\node_modules\jsdom\lib\jsdom\living\helpers\runtime-script-errors.js:66:24)
    at innerInvokeEventListeners 
(D:\DEV\carbon-footprint\node_modules\jsdom\lib\jsdom\living\events\EventTarget-impl.js:353:9)
    at invokeEventListeners 
(D:\DEV\carbon-footprint\node_modules\jsdom\lib\jsdom\living\events\EventTarget-impl.js:286:3)
    at HTMLUnknownElementImpl._dispatch 
(D:\DEV\carbon-footprint\node_modules\jsdom\lib\jsdom\living\events\EventTarget-impl.js:233:9)
    at HTMLUnknownElementImpl.dispatchEvent 
(D:\DEV\carbon-footprint\node_modules\jsdom\lib\jsdom\living\events\EventTarget-impl.js:104:17)
    at HTMLUnknownElement.dispatchEvent 
(D:\DEV\carbon-footprint\node_modules\jsdom\lib\jsdom\living\generated\EventTarget.js:241:34)
    at Object.invokeGuardedCallbackDev 
(D:\DEV\carbon-footprint\node_modules\react-dom\cjs\react-dom.development.js:4213:16)
    at invokeGuardedCallback (D:\DEV\carbon-footprint\node_modules\react-dom\cjs\react-dom.development.js:4277:31)
    at reportUncaughtErrorInDEV (D:\DEV\carbon-footprint\node_modules\react-dom\cjs\react-dom.development.js:22877:5)
    at captureCommitPhaseError (D:\DEV\carbon-footprint\node_modules\react-dom\cjs\react-dom.development.js:27165:5) 
TypeError: bottomRef.current?.scrollIntoView is not a function
    at [90mD:\DEV\carbon-footprint\[39msrc\components\chat\ChatView.tsx:21:24
    at commitHookEffectListMount 
[90m(D:\DEV\carbon-footprint\[39mnode_modules\[4mreact-dom[24m\cjs\react-dom.development.js:23189:26[90m)[39m
    at commitPassiveMountOnFiber 
[90m(D:\DEV\carbon-footprint\[39mnode_modules\[4mreact-dom[24m\cjs\react-dom.development.js:24970:11[90m)[39m
    at commitPassiveMountEffects_complete 
[90m(D:\DEV\carbon-footprint\[39mnode_modules\[4mreact-dom[24m\cjs\react-dom.development.js:24930:9[90m)[39m
    at commitPassiveMountEffects_begin 
[90m(D:\DEV\carbon-footprint\[39mnode_modules\[4mreact-dom[24m\cjs\react-dom.development.js:24917:7[90m)[39m
    at commitPassiveMountEffects 
[90m(D:\DEV\carbon-footprint\[39mnode_modules\[4mreact-dom[24m\cjs\react-dom.development.js:24905:3[90m)[39m
    at flushPassiveEffectsImpl 
[90m(D:\DEV\carbon-footprint\[39mnode_modules\[4mreact-dom[24m\cjs\react-dom.development.js:27078:3[90m)[39m
    at flushPassiveEffects 
[90m(D:\DEV\carbon-footprint\[39mnode_modules\[4mreact-dom[24m\cjs\react-dom.development.js:27023:14[90m)[39m
    at [90mD:\DEV\carbon-footprint\[39mnode_modules\[4mreact-dom[24m\cjs\react-dom.development.js:26808:9
    at flushActQueue 
[90m(D:\DEV\carbon-footprint\[39mnode_modules\[4mreact[24m\cjs\react.development.js:2667:24[90m)[39m
The above error occurred in the <ChatView> component:

    at ChatView (D:\DEV\carbon-footprint\src\components\chat\ChatView.tsx:19:51)
    at Router (D:\DEV\carbon-footprint\node_modules\react-router\dist\umd\react-router.development.js:1203:17)
    at MemoryRouter (D:\DEV\carbon-footprint\node_modules\react-router\dist\umd\react-router.development.js:1097:7)

Consider adding an error boundary to your tree to customize error handling behavior.
Visit https://reactjs.org/link/error-boundaries to learn more about error boundaries.

[90mstderr[2m | src/__tests__/app.test.tsx[2m > [22m[2mChatView[2m > [22m[2msend button is disabled when input 
is empty[22m[39m
Error: Uncaught [TypeError: bottomRef.current?.scrollIntoView is not a function]
    at reportException 
(D:\DEV\carbon-footprint\node_modules\jsdom\lib\jsdom\living\helpers\runtime-script-errors.js:66:24)
    at innerInvokeEventListeners 
(D:\DEV\carbon-footprint\node_modules\jsdom\lib\jsdom\living\events\EventTarget-impl.js:353:9)
    at invokeEventListeners 
(D:\DEV\carbon-footprint\node_modules\jsdom\lib\jsdom\living\events\EventTarget-impl.js:286:3)
    at HTMLUnknownElementImpl._dispatch 
(D:\DEV\carbon-footprint\node_modules\jsdom\lib\jsdom\living\events\EventTarget-impl.js:233:9)
    at HTMLUnknownElementImpl.dispatchEvent 
(D:\DEV\carbon-footprint\node_modules\jsdom\lib\jsdom\living\events\EventTarget-impl.js:104:17)
    at HTMLUnknownElement.dispatchEvent 
(D:\DEV\carbon-footprint\node_modules\jsdom\lib\jsdom\living\generated\EventTarget.js:241:34)
    at Object.invokeGuardedCallbackDev 
(D:\DEV\carbon-footprint\node_modules\react-dom\cjs\react-dom.development.js:4213:16)
    at invokeGuardedCallback (D:\DEV\carbon-footprint\node_modules\react-dom\cjs\react-dom.development.js:4277:31)
    at reportUncaughtErrorInDEV (D:\DEV\carbon-footprint\node_modules\react-dom\cjs\react-dom.development.js:22877:5)
    at captureCommitPhaseError (D:\DEV\carbon-footprint\node_modules\react-dom\cjs\react-dom.development.js:27165:5) 
TypeError: bottomRef.current?.scrollIntoView is not a function
    at [90mD:\DEV\carbon-footprint\[39msrc\components\chat\ChatView.tsx:21:24
    at commitHookEffectListMount 
[90m(D:\DEV\carbon-footprint\[39mnode_modules\[4mreact-dom[24m\cjs\react-dom.development.js:23189:26[90m)[39m
    at commitPassiveMountOnFiber 
[90m(D:\DEV\carbon-footprint\[39mnode_modules\[4mreact-dom[24m\cjs\react-dom.development.js:24970:11[90m)[39m
    at commitPassiveMountEffects_complete 
[90m(D:\DEV\carbon-footprint\[39mnode_modules\[4mreact-dom[24m\cjs\react-dom.development.js:24930:9[90m)[39m
    at commitPassiveMountEffects_begin 
[90m(D:\DEV\carbon-footprint\[39mnode_modules\[4mreact-dom[24m\cjs\react-dom.development.js:24917:7[90m)[39m
    at commitPassiveMountEffects 
[90m(D:\DEV\carbon-footprint\[39mnode_modules\[4mreact-dom[24m\cjs\react-dom.development.js:24905:3[90m)[39m
    at flushPassiveEffectsImpl 
[90m(D:\DEV\carbon-footprint\[39mnode_modules\[4mreact-dom[24m\cjs\react-dom.development.js:27078:3[90m)[39m
    at flushPassiveEffects 
[90m(D:\DEV\carbon-footprint\[39mnode_modules\[4mreact-dom[24m\cjs\react-dom.development.js:27023:14[90m)[39m
    at [90mD:\DEV\carbon-footprint\[39mnode_modules\[4mreact-dom[24m\cjs\react-dom.development.js:26808:9
    at flushActQueue 
[90m(D:\DEV\carbon-footprint\[39mnode_modules\[4mreact[24m\cjs\react.development.js:2667:24[90m)[39m
The above error occurred in the <ChatView> component:

    at ChatView (D:\DEV\carbon-footprint\src\components\chat\ChatView.tsx:19:51)
    at Router (D:\DEV\carbon-footprint\node_modules\react-router\dist\umd\react-router.development.js:1203:17)
    at MemoryRouter (D:\DEV\carbon-footprint\node_modules\react-router\dist\umd\react-router.development.js:1097:7)

Consider adding an error boundary to your tree to customize error handling behavior.
Visit https://reactjs.org/link/error-boundaries to learn more about error boundaries.

[90mstderr[2m | src/__tests__/app.test.tsx[2m > [22m[2mChatView[2m > [22m[2msend button enables when user 
types[22m[39m
Error: Uncaught [TypeError: bottomRef.current?.scrollIntoView is not a function]
    at reportException 
(D:\DEV\carbon-footprint\node_modules\jsdom\lib\jsdom\living\helpers\runtime-script-errors.js:66:24)
    at innerInvokeEventListeners 
(D:\DEV\carbon-footprint\node_modules\jsdom\lib\jsdom\living\events\EventTarget-impl.js:353:9)
    at invokeEventListeners 
(D:\DEV\carbon-footprint\node_modules\jsdom\lib\jsdom\living\events\EventTarget-impl.js:286:3)
    at HTMLUnknownElementImpl._dispatch 
(D:\DEV\carbon-footprint\node_modules\jsdom\lib\jsdom\living\events\EventTarget-impl.js:233:9)
    at HTMLUnknownElementImpl.dispatchEvent 
(D:\DEV\carbon-footprint\node_modules\jsdom\lib\jsdom\living\events\EventTarget-impl.js:104:17)
    at HTMLUnknownElement.dispatchEvent 
(D:\DEV\carbon-footprint\node_modules\jsdom\lib\jsdom\living\generated\EventTarget.js:241:34)
    at Object.invokeGuardedCallbackDev 
(D:\DEV\carbon-footprint\node_modules\react-dom\cjs\react-dom.development.js:4213:16)
    at invokeGuardedCallback (D:\DEV\carbon-footprint\node_modules\react-dom\cjs\react-dom.development.js:4277:31)
    at reportUncaughtErrorInDEV (D:\DEV\carbon-footprint\node_modules\react-dom\cjs\react-dom.development.js:22877:5)
    at captureCommitPhaseError (D:\DEV\carbon-footprint\node_modules\react-dom\cjs\react-dom.development.js:27165:5) 
TypeError: bottomRef.current?.scrollIntoView is not a function
    at [90mD:\DEV\carbon-footprint\[39msrc\components\chat\ChatView.tsx:21:24
    at commitHookEffectListMount 
[90m(D:\DEV\carbon-footprint\[39mnode_modules\[4mreact-dom[24m\cjs\react-dom.development.js:23189:26[90m)[39m
    at commitPassiveMountOnFiber 
[90m(D:\DEV\carbon-footprint\[39mnode_modules\[4mreact-dom[24m\cjs\react-dom.development.js:24970:11[90m)[39m
    at commitPassiveMountEffects_complete 
[90m(D:\DEV\carbon-footprint\[39mnode_modules\[4mreact-dom[24m\cjs\react-dom.development.js:24930:9[90m)[39m
    at commitPassiveMountEffects_begin 
[90m(D:\DEV\carbon-footprint\[39mnode_modules\[4mreact-dom[24m\cjs\react-dom.development.js:24917:7[90m)[39m
    at commitPassiveMountEffects 
[90m(D:\DEV\carbon-footprint\[39mnode_modules\[4mreact-dom[24m\cjs\react-dom.development.js:24905:3[90m)[39m
    at flushPassiveEffectsImpl 
[90m(D:\DEV\carbon-footprint\[39mnode_modules\[4mreact-dom[24m\cjs\react-dom.development.js:27078:3[90m)[39m
    at flushPassiveEffects 
[90m(D:\DEV\carbon-footprint\[39mnode_modules\[4mreact-dom[24m\cjs\react-dom.development.js:27023:14[90m)[39m
    at [90mD:\DEV\carbon-footprint\[39mnode_modules\[4mreact-dom[24m\cjs\react-dom.development.js:26808:9
    at flushActQueue 
[90m(D:\DEV\carbon-footprint\[39mnode_modules\[4mreact[24m\cjs\react.development.js:2667:24[90m)[39m
The above error occurred in the <ChatView> component:

    at ChatView (D:\DEV\carbon-footprint\src\components\chat\ChatView.tsx:19:51)
    at Router (D:\DEV\carbon-footprint\node_modules\react-router\dist\umd\react-router.development.js:1203:17)
    at MemoryRouter (D:\DEV\carbon-footprint\node_modules\react-router\dist\umd\react-router.development.js:1097:7)

Consider adding an error boundary to your tree to customize error handling behavior.
Visit https://reactjs.org/link/error-boundaries to learn more about error boundaries.

[90mstderr[2m | src/__tests__/app.test.tsx[2m > [22m[2mChatView[2m > [22m[2mhas accessible chat log 
region[22m[39m
Error: Uncaught [TypeError: bottomRef.current?.scrollIntoView is not a function]
    at reportException 
(D:\DEV\carbon-footprint\node_modules\jsdom\lib\jsdom\living\helpers\runtime-script-errors.js:66:24)
    at innerInvokeEventListeners 
(D:\DEV\carbon-footprint\node_modules\jsdom\lib\jsdom\living\events\EventTarget-impl.js:353:9)
 [33mΓ¥»[39m src/__tests__/app.test.tsx [2m ([22m[2m13 tests[22m [2m|[22m [31m6 failed[39m[2m)[22m[90m 118[2mms[22m[39m
[31m   [33mΓ¥»[31m src/__tests__/app.test.tsx[2m > [22mChatView[2m > [22mrenders heading[39m
[31m     ΓåÆ bottomRef.current?.scrollIntoView is not a function[39m
[31m   [33mΓ¥»[31m src/__tests__/app.test.tsx[2m > [22mChatView[2m > [22mrenders suggestion chips[39m
[31m     ΓåÆ bottomRef.current?.scrollIntoView is not a function[39m
[31m   [33mΓ¥»[31m src/__tests__/app.test.tsx[2m > [22mChatView[2m > [22msend button is disabled when input is empty[39m
[31m     ΓåÆ bottomRef.current?.scrollIntoView is not a function[39m
[31m   [33mΓ¥»[31m src/__tests__/app.test.tsx[2m > [22mChatView[2m > [22msend button enables when user types[39m
[31m     ΓåÆ bottomRef.current?.scrollIntoView is not a function[39m
[31m   [33mΓ¥»[31m src/__tests__/app.test.tsx[2m > [22mChatView[2m > [22mhas accessible chat log region[39m
[31m     ΓåÆ bottomRef.current?.scrollIntoView is not a function[39m
[31m   [33mΓ¥»[31m src/__tests__/app.test.tsx[2m > [22mCalculatorView[2m > [22mcalculates total footprint correctly from mock store data[39m
[31m     ΓåÆ Found multiple elements with the text: /1.9/

Here are the matching elements:

Ignored nodes: comments, script, style
[36m<div[31m
  [33mclass[31m=[32m"text-4xl font-bold text-brand-600 mt-2"[31m
[36m>[31m
  [0m1.9[0m
  [0m [0m
  [36m<span[31m
    [33mclass[31m=[32m"text-lg text-gray-500"[31m
  [36m>[31m
    [0mkg COΓéée[0m
  [36m</span>[31m
[36m</div>[31m

Ignored nodes: comments, script, style
[36m<span[31m
  [33mclass[31m=[32m"text-sm font-medium px-2.5 py-1 bg-brand-100 text-brand-700 rounded-full"[31m
[36m>[31m
  [0m1.9[0m
  [0m kg[0m
[36m</span>[31m

(If this is intentional, then use the `*AllBy*` variant of the query (like `queryAllByText`, `getAllByText`, or `findAllByText`)).

Ignored nodes: comments, script, style
[36m<body>[31m
    at invokeEventListeners 
(D:\DEV\carbon-footprint\node_modules\jsdom\lib\jsdom\living\events\EventTarget-impl.js:286:3)
    at HTMLUnknownElementImpl._dispatch 
(D:\DEV\carbon-footprint\node_modules\jsdom\lib\jsdom\living\events\EventTarget-impl.js:233:9)
    at HTMLUnknownElementImpl.dispatchEvent 
(D:\DEV\carbon-footprint\node_modules\jsdom\lib\jsdom\living\events\EventTarget-impl.js:104:17)
    at HTMLUnknownElement.dispatchEvent 
(D:\DEV\carbon-footprint\node_modules\jsdom\lib\jsdom\living\generated\EventTarget.js:241:34)
    at Object.invokeGuardedCallbackDev 
(D:\DEV\carbon-footprint\node_modules\react-dom\cjs\react-dom.development.js:4213:16)
    at invokeGuardedCallback (D:\DEV\carbon-footprint\node_modules\react-dom\cjs\react-dom.development.js:4277:31)
    at reportUncaughtErrorInDEV (D:\DEV\carbon-footprint\node_modules\react-dom\cjs\react-dom.development.js:22877:5)
    at captureCommitPhaseError (D:\DEV\carbon-footprint\node_modules\react-dom\cjs\react-dom.development.js:27165:5) 
TypeError: bottomRef.current?.scrollIntoView is not a function
    at [90mD:\DEV\carbon-footprint\[39msrc\components\chat\ChatView.tsx:21:24
    at commitHookEffectListMount 
[90m(D:\DEV\carbon-footprint\[39mnode_modules\[4mreact-dom[24m\cjs\react-dom.development.js:23189:26[90m)[39m
    at commitPassiveMountOnFiber 
[90m(D:\DEV\carbon-footprint\[39mnode_modules\[4mreact-dom[24m\cjs\react-dom.development.js:24970:11[90m)[39m
    at commitPassiveMountEffects_complete 
[90m(D:\DEV\carbon-footprint\[39mnode_modules\[4mreact-dom[24m\cjs\react-dom.development.js:24930:9[90m)[39m
    at commitPassiveMountEffects_begin 
[90m(D:\DEV\carbon-footprint\[39mnode_modules\[4mreact-dom[24m\cjs\react-dom.development.js:24917:7[90m)[39m
    at commitPassiveMountEffects 
[90m(D:\DEV\carbon-footprint\[39mnode_modules\[4mreact-dom[24m\cjs\react-dom.development.js:24905:3[90m)[39m
    at flushPassiveEffectsImpl 
[90m(D:\DEV\carbon-footprint\[39mnode_modules\[4mreact-dom[24m\cjs\react-dom.development.js:27078:3[90m)[39m
    at flushPassiveEffects 
[90m(D:\DEV\carbon-footprint\[39mnode_modules\[4mreact-dom[24m\cjs\react-dom.development.js:27023:14[90m)[39m
    at [90mD:\DEV\carbon-footprint\[39mnode_modules\[4mreact-dom[24m\cjs\react-dom.development.js:26808:9
    at flushActQueue 
[90m(D:\DEV\carbon-footprint\[39mnode_modules\[4mreact[24m\cjs\react.development.js:2667:24[90m)[39m
The above error occurred in the <ChatView> component:

    at ChatView (D:\DEV\carbon-footprint\src\components\chat\ChatView.tsx:19:51)
    at Router (D:\DEV\carbon-footprint\node_modules\react-router\dist\umd\react-router.development.js:1203:17)
    at MemoryRouter (D:\DEV\carbon-footprint\node_modules\react-router\dist\umd\react-router.development.js:1097:7)

Consider adding an error boundary to your tree to customize error handling behavior.
Visit https://reactjs.org/link/error-boundaries to learn more about error boundaries.

  [36m<div>[31m
    [36m<div[31m
      [33mclass[31m=[32m"h-full flex flex-col overflow-hidden bg-brand-50"[31m
    [36m>[31m
      [36m<header[31m
        [33mclass[31m=[32m"px-6 py-4 bg-white border-b flex-shrink-0 shadow-sm"[31m
      [36m>[31m
        [36m<h1[31m
          [33mclass[31m=[32m"text-xl font-bold text-gray-900"[31m
        [36m>[31m
          [0mCarbon Calculator[0m
        [36m</h1>[31m
        [36m<p[31m
          [33mclass[31m=[32m"text-sm text-gray-600"[31m
        [36m>[31m
          [0mTrack your activities to estimate your footprint[0m
        [36m</p>[31m
      [36m</header>[31m
      [36m<div[31m
        [33mclass[31m=[32m"flex-1 overflow-y-auto p-4 md:p-6 space-y-6"[31m
      [36m>[31m
        [36m<div[31m
          [33mclass[31m=[32m"bg-white rounded-2xl p-6 shadow-card text-center animate-slide-up"[31m
        [36m>[31m
          [36m<h2[31m
            [33mclass[31m=[32m"text-sm font-semibold text-gray-500 uppercase tracking-wider"[31m
          [36m>[31m
            [0mTotal Footprint[0m
          [36m</h2>[31m
          [36m<div[31m
            [33mclass[31m=[32m"text-4xl font-bold text-brand-600 mt-2"[31m
          [36m>[31m
            [0m1.9[0m
            [0m [0m
            [36m<span[31m
              [33mclass[31m=[32m"text-lg text-gray-500"[31m
            [36m>[31m
              [0mkg COΓéée[0m
            [36m</span>[31m
          [36m</div>[31m
        [36m</div>[31m
        [36m<div[31m
          [33mclass[31m=[32m"grid grid-cols-1 lg:grid-cols-2 gap-6"[31m
        [36m>[31m
          [36m<div[31m
            [33mclass[31m=[32m"bg-white rounded-2xl shadow-soft p-5 animate-slide-up [animation-delay:0ms]"[31m
          [36m>[31m
            [36m<div[31m
              [33mclass[31m=[32m"flex justify-between items-center mb-4"[31m
            [36m>[31m
              [36m<h3[31m
                [33mclass[31m=[32m"text-lg font-semibold text-gray-800"[31m
              [36m>[31m
                [0mTransport[0m
              [36m</h3>[31m
              [36m<span[31m
                [33mclass[31m=[32m"text-sm font-medium px-2.5 py-1 bg-brand-100 text-brand-700 rounded-full"[31m
              [36m>[31m
                [0m1.9[0m
                [0m kg[0m
              [36m</span>[31m
            [36m</div>[31m
            [36m<p[31m
              [33mclass[31m=[32m"text-sm text-gray-500 mb-6"[31m
            [36m>[31m
              [0mEmissions from driving, flying, and public transit.[0m
            [36m</p>[31m
            [36m<div[31m
              [33mclass[31m=[32m"space-y-4"[31m
            [36m>[31m
              [36m<div[31m
                [33mclass[31m=[32m"flex flex-col gap-2"[31m
              [36m>[31m
                [36m<label[31m
                  [33mclass[31m=[32m"text-sm font-medium text-gray-700 flex justify-between"[31m
                  [33mfor[31m=[32m"act-drive_gas_car"[31m
                [36m>[31m
                  [36m<span>[31m
                    [0mDriving a Gasoline Car[0m
                  [36m</span>[31m
                  [36m<span[31m
                    [33mclass[31m=[32m"text-gray-400 text-xs"[31m
                  [36m>[31m
                    [0m([0m
                    [0mkm[0m
                    [0m)[0m
                  [36m</span>[31m
                [36m</label>[31m
                [36m<div[31m
                  [33mclass[31m=[32m"flex items-center gap-3"[31m
                [36m>[31m
                  [36m<input[31m
                    [33mclass[31m=[32m"flex-1 rounded-xl border border-gray-300 px-3 py-2 text-sm focus:ring-2 focus:ring-brand-500 focus:border-brand-500 shadow-sm"[31m
                    [33mid[31m=[32m"act-drive_gas_car"[31m
                    [33mmin[31m=[32m"0"[31m
                    [33mplaceholder[31m=[32m"0"[31m
                    [33mstep[31m=[32m"0.1"[31m
                    [33mtype[31m=[32m"number"[31m
                    [33mvalue[31m=[32m"10"[31m
                  [36m/>[31m
                [36m</div>[31m
              [36m</div>[31m
              [36m<div[31m
                [33mclass[31m=[32m"flex flex-col gap-2"[31m
              [36m>[31m
                [36m<label[31m
                  [33mclass[31m=[32m"text-sm font-medium text-gray-700 flex justify-between"[31m
                  [33mfor[31m=[32m"act-short_flight"[31m
                [36m>[31m
                  [36m<span>[31m
                    [0mShort-haul Flight[0m
                  [36m</span>[31m
                  [36m<span[31m
                    [33mclass[31m=[32m"text-gray-400 text-xs"[31m
                  [36m>[31m
                    [0m([0m
                    [0mkm[0m
                    [0m)[0m
                  [36m</span>[31m
                [36m</label>[31m
                [36m<div[31m
                  [33mclass[31m=[32m"flex items-center gap-3"[31m
                [36m>[31m
                  [36m<input[31m
                    [33mclass[31m=[32m"flex-1 rounded-xl border border-gray-300 px-3 py-2 text-sm focus:ring-2 focus:ring-brand-500 focus:border-brand-500 shadow-sm"[31m
                    [33mid[31m=[32m"act-short_flight"[31m
                    [33mmin[31m=[32m"0"[31m
                    [33mplaceholder[31m=[32m"0"[31m
                    [33mstep[31m=[32m"0.1"[31m
                    [33mtype[31m=[32m"number"[31m
                    [33mvalue[31m=[32m""[31m
                  [36m/>[31m
                [36m</div>[31m
              [36m</div>[31m
            [36m</div>[31m
          [36m</div>[31m
          [36m<div[31m
            [33mclass[31m=[32m"bg-white rounded-2xl shadow-soft p-5 animate-slide-up [animation-delay:100ms]"[31m
          [36m>[31m
            [36m<div[31m
              [33mclass[31m=[32m"flex justify-between items-center mb-4"[31m
            [36m>[31m
              [36m<h3[31m
                [33mclass[31m=[32m"text-lg font-semibold text-gray-800"[31m
              [36m>[31m
                [0mFood & Diet[0m
              [36m</h3>[31m
              [36m<span[31m
                [33mclass[31m=[32m"text-sm font-medium px-2.5 py-1 bg-brand-100 text-brand-700 rounded-full"[31m
              [36m>[31m
                [0m0.0[0m
                [0m kg[0m
              [36m</span>[31m
            [36m</div>[31m
            [36m<p[31m
              [33mclass[31m=[32m"text-sm text-gray-500 mb-6"[31m
            [36m>[31m
              [0mEmissions related to food production, transport, and waste.[0m
            [36m</p>[31m
            [36m<div[31m
              [33mclass[31m=[32m"space-y-4"[31m
            [36m>[31m
              [36m<div[31m
                [33mclass[31m=[32m"flex flex-col gap-2"[31m
              [36m>[31m
                [36m<label[31m
                  [33mclass[31m=[32m"text-sm font-medium text-gray-700 flex justify-between"[31m
                  [33mfor[31m=[32m"act-beef_meal"[31m
                [36m>[31m
                  [36m<span>[31m
                    [0mBeef Meal[0m
                  [36m</span>[31m
                  [36m<span[31m
                    [33mclass[31m=[32m"text-gray-400 text-xs"[31m
                  [36m>[31m
                    [0m([0m
                    [0mserving[0m
                    [0m)[0m
                  [36m</span>[31m
                [36m</label>[31m
                [36m<div[31m
                  [33mclass[31m=[32m"flex items-center gap-3"[31m
                [36m>[31m
                  [36m<input[31m
                    [33mclass[31m=[32m"flex-1 rounded-xl border border-gray-300 px-3 py-2 text-sm focus:ring-2 focus:ring-brand-500 focus:border-brand-500 shadow-sm"[31m
                    [33mid[31m=[32m"act-beef_meal"[31m
                    [33mmin[31m=[32m"0"[31m
                    [33mplaceholder[31m=[32m"0"[31m
                    [33mstep[31m=[32m"0.1"[31m
                    [33mtype[31m=[32m"number"[31m
                    [33mvalue[31m=[32m""[31m
                  [36m/>[31m
                [36m</div>[31m
              [36m</div>[31m
            [36m</div>[31m
          [36m</div>[31m
          [36m<div[31m
            [33mclass[31m=[32m"bg-white rounded-2xl shadow-soft p-5 animate-slide-up [animation-delay:200ms]"[31m
          [36m>[31m
            [36m<div[31m
              [33mclass[31m=[32m"flex justify-between items-center mb-4"[31m
            [36m>[31m
              [36m<h3[31m
                [33mclass[31m=[32m"text-lg font-semibold text-gray-800"[31m
              [36m>[31m
                [0mHome Energy[0m
              [36m</h3>[31m
              [36m<span[31m
                [33mclass[31m=[32m"text-sm font-medium px-2.5 py-1 bg-brand-100 text-brand-700 rounded-full"[31m
              [36m>[31m
                [0m0.0[0m
                [0m kg[0m
              [36m</span>[31m
            [36m</div>[31m
            [36m<p[31m
              [33mclass[31m=[32m"text-sm text-gray-500 mb-6"[31m
            [36m>[31m
              [0mElectricity, heating, and cooling your home.[0m
            [36m</p>[31m
            [36m<div[31m
              [33mclass[31m=[32m"space-y-4"[31m
            [36m>[31m
              [36m<div[31m
                [33mclass[31m=[32m"flex flex-col gap-2"[31m
              [36m>[31m
                [36m<label[31m
                  [33mclass[31m=[32m"text-sm font-medium text-gray-700 flex justify-between"[31m
                  [33mfor[31m=[32m"act-electricity_kwh"[31m
                [36m>[31m
                  [36m<span>[31m
                    [0mGrid Electricity[0m
                  [36m</span>[31m
                  [36m<span[31m
                    [33mclass[31m=[32m"text-gray-400 text-xs"[31m
                  [36m>[31m
                    [0m([0m
                    [0mkWh[0m
                    [0m)[0m
                  [36m</span>[31m
                [36m</label>[31m
                [36m<div[31m
                  [33mclass[31m=[32m"flex items-center gap-3"[31m
                [36m>[31m
                  [36m<input[31m
                    [33mclass[31m=[32m"flex-1 rounded-xl border border-gray-300 px-3 py-2 text-sm focus:ring-2 focus:ring-brand-500 focus:border-brand-500 shadow-sm"[31m
                    [33mid[31m=[32m"act-electricity_kwh"[31m
                    [33mmin[31m=[32m"0"[31m
                    [33mplaceholder[31m=[32m"0"[31m
                    [33mstep[31m=[32m"0.1"[31m
                    [33mtype[31m=[32m"number"[31m
                    [33mvalue[31m=[32m""[31m
                  [36m/>[31m
                [36m</div>[31m
              [36m</div>[31m
            [36m</div>[31m
          [36m</div>[31m
          [36m<div[31m
            [33mclass[31m=[32m"bg-white rounded-2xl shadow-soft p-5 animate-slide-up [animation-delay:300ms]"[31m
          [36m>[31m
            [36m<div[31m
              [33mclass[31m=[32m"flex justify-between items-center mb-4"[31m
            [36m>[31m
              [36m<h3[31m
                [33mclass[31m=[32m"text-lg font-semibold text-gray-800"[31m
              [36m>[31m
                [0mShopping & Goods[0m
              [36m</h3>[31m
              [36m<span[31m
                [33mclass[31m=[32m"text-sm font-medium px-2.5 py-1 bg-brand-100 text-brand-700 rounded-full"[31m
              [36m>[31m
                [0m0.0[0m
                [0m kg[0m
              [36m</span>[31m
            [36m</div>[31m
            [36m<p[31m
              [33mclass[31m=[32m"text-sm text-gray-500 mb-6"[31m
            [36m>[31m
              [0mEmissions from producing and shipping the items you buy.[0m
            [36m</p>[31m
            [36m<div[31m
              [33mclass[31m=[32m"space-y-4"[31m
            [36m>[31m
              [36m<div[31m
                [33mclass[31m=[32m"flex flex-col gap-2"[31m
              [36m>[31m
                [36m<label[31m
                  [33mclass[31m=[32m"text-sm font-medium text-gray-700 flex justify-between"[31m
                  [33mfor[31m=[32m"act-buy_clothes"[31m
                [36m>[31m
                  [36m<span>[31m
                    [0mFast Fashion Items[0m
                  [36m</span>[31m
                  [36m<span[31m
                    [33mclass[31m=[32m"text-gray-400 text-xs"[31m
                  [36m>[31m
                    [0m([0m
                    [0mitem[0m
                    [0m)[0m
                  [36m</span>[31m
                [36m</label>[31m
                [36m<div[31m
                  [33mclass[31m=[32m"flex items-center gap-3"[31m
                [36m>[31m
                  [36m<input[31m
                    [33mclass[31m=[32m"flex-1 rounded-xl border border-gray-300 px-3 py-2 text-sm focus:ring-2 focus:ring-brand-500 focus:border-brand-500 shadow-sm"[31m
                    [33mid[31m=[32m"act-buy_clothes"[31m
                    [33mmin[31m=[32m"0"[31m
                    [33mplaceholder[31m=[32m"0"[31m
                    [33mstep[31m=[32m"0.1"[31m
                    [33mtype[31m=[32m"number"[31m
                    [33mvalue[31m=[32m""[31m
                  [36m/>[31m
                [36m</div>[31m
              [36m</div>[31m
            [36m</div>[31m
          [36m</div>[31m
        [36m</div>[31m
      [36m</div>[31m
    [36m</div>[31m
  [36m</div>[31m
[36m</body>[31m[39m

[31mΓÄ»ΓÄ»ΓÄ»ΓÄ»ΓÄ»ΓÄ»ΓÄ»[1m[7m Failed Tests 6 [27m[22mΓÄ»ΓÄ»ΓÄ»ΓÄ»ΓÄ»ΓÄ»ΓÄ»[39m

[31m[1m[7m FAIL [27m[22m[39m src/__tests__/app.test.tsx[2m > [22mChatView[2m > [22mrenders heading
[31m[1m[7m FAIL [27m[22m[39m src/__tests__/app.test.tsx[2m > [22mChatView[2m > [22mrenders suggestion chips
[31m[1m[7m FAIL [27m[22m[39m src/__tests__/app.test.tsx[2m > [22mChatView[2m > [22msend button is disabled 
when input is empty
[31m[1m[7m FAIL [27m[22m[39m src/__tests__/app.test.tsx[2m > [22mChatView[2m > [22msend button enables when 
user types
[31m[1m[7m FAIL [27m[22m[39m src/__tests__/app.test.tsx[2m > [22mChatView[2m > [22mhas accessible chat log 
region
[31m[1mTypeError[22m: bottomRef.current?.scrollIntoView is not a function[39m
[36m [2mΓ¥»[22m src/components/chat/ChatView.tsx:[2m21:24[22m[39m
    [90m 19| [39m
    [90m 20| [39m  [34museEffect[39m(() [33m=>[39m {
    [90m 21| [39m    bottomRef[33m.[39mcurrent[33m?.[39m[34mscrollIntoView[39m({ behavior[33m:[39m 
[32m'smooth'[39m })[33m;[39m
    [90m   | [39m                       [31m^[39m
    [90m 22| [39m  }[33m,[39m [messages[33m,[39m isTyping])[33m;[39m
    [90m 23| [39m
[90m [2mΓ¥»[22m commitHookEffectListMount node_modules/react-dom/cjs/react-dom.development.js:[2m23189:26[22m[39m
[90m [2mΓ¥»[22m commitPassiveMountOnFiber node_modules/react-dom/cjs/react-dom.development.js:[2m24970:11[22m[39m
[90m [2mΓ¥»[22m commitPassiveMountEffects_complete 
node_modules/react-dom/cjs/react-dom.development.js:[2m24930:9[22m[39m
[90m [2mΓ¥»[22m commitPassiveMountEffects_begin 
node_modules/react-dom/cjs/react-dom.development.js:[2m24917:7[22m[39m
[90m [2mΓ¥»[22m commitPassiveMountEffects node_modules/react-dom/cjs/react-dom.development.js:[2m24905:3[22m[39m
[90m [2mΓ¥»[22m flushPassiveEffectsImpl node_modules/react-dom/cjs/react-dom.development.js:[2m27078:3[22m[39m
[90m [2mΓ¥»[22m flushPassiveEffects node_modules/react-dom/cjs/react-dom.development.js:[2m27023:14[22m[39m
[90m [2mΓ¥»[22m node_modules/react-dom/cjs/react-dom.development.js:[2m26808:9[22m[39m
[90m [2mΓ¥»[22m flushActQueue node_modules/react/cjs/react.development.js:[2m2667:24[22m[39m

[31m[2mΓÄ»ΓÄ»ΓÄ»ΓÄ»ΓÄ»ΓÄ»ΓÄ»ΓÄ»ΓÄ»ΓÄ»ΓÄ»ΓÄ»ΓÄ»ΓÄ»ΓÄ»ΓÄ»ΓÄ»ΓÄ»ΓÄ»ΓÄ»ΓÄ»ΓÄ»ΓÄ»ΓÄ»[1/6]ΓÄ»[22m[39m

[31m[1m[7m FAIL [27m[22m[39m src/__tests__/app.test.tsx[2m > [22mCalculatorView[2m > [22mcalculates total 
footprint correctly from mock store data
[31m[1mTestingLibraryElementError[22m[39m: Found multiple elements with the text: /1.9/

Here are the matching elements:

Ignored nodes: comments, script, style
[36m<div[39m
  [33mclass[39m=[32m"text-4xl font-bold text-brand-600 mt-2"[39m
[36m>[39m
  [0m1.9[0m
  [0m [0m
  [36m<span[39m
    [33mclass[39m=[32m"text-lg text-gray-500"[39m
  [36m>[39m
    [0mkg COΓéée[0m
  [36m</span>[39m
[36m</div>[39m

Ignored nodes: comments, script, style
[36m<span[39m
  [33mclass[39m=[32m"text-sm font-medium px-2.5 py-1 bg-brand-100 text-brand-700 rounded-full"[39m
[36m>[39m
  [0m1.9[0m
  [0m kg[0m
[36m</span>[39m

(If this is intentional, then use the `*AllBy*` variant of the query (like `queryAllByText`, `getAllByText`, or 
`findAllByText`)).

Ignored nodes: comments, script, style
[36m<body>[39m
  [36m<div>[39m
    [36m<div[39m
      [33mclass[39m=[32m"h-full flex flex-col overflow-hidden bg-brand-50"[39m
    [36m>[39m
      [36m<header[39m
        [33mclass[39m=[32m"px-6 py-4 bg-white border-b flex-shrink-0 shadow-sm"[39m
      [36m>[39m
        [36m<h1[39m
          [33mclass[39m=[32m"text-xl font-bold text-gray-900"[39m
        [36m>[39m
          [0mCarbon Calculator[0m
        [36m</h1>[39m
        [36m<p[39m
          [33mclass[39m=[32m"text-sm text-gray-600"[39m
        [36m>[39m
          [0mTrack your activities to estimate your footprint[0m
        [36m</p>[39m
      [36m</header>[39m
      [36m<div[39m
        [33mclass[39m=[32m"flex-1 overflow-y-auto p-4 md:p-6 space-y-6"[39m
      [36m>[39m
        [36m<div[39m
          [33mclass[39m=[32m"bg-white rounded-2xl p-6 shadow-card text-center animate-slide-up"[39m
        [36m>[39m
          [36m<h2[39m
            [33mclass[39m=[32m"text-sm font-semibold text-gray-500 uppercase tracking-wider"[39m
          [36m>[39m
            [0mTotal Footprint[0m
          [36m</h2>[39m
          [36m<div[39m
            [33mclass[39m=[32m"text-4xl font-bold text-brand-600 mt-2"[39m
          [36m>[39m
            [0m1.9[0m
            [0m [0m
            [36m<span[39m
              [33mclass[39m=[32m"text-lg text-gray-500"[39m
            [36m>[39m
              [0mkg COΓéée[0m
            [36m</span>[39m
          [36m</div>[39m
        [36m</div>[39m
        [36m<div[39m
          [33mclass[39m=[32m"grid grid-cols-1 lg:grid-cols-2 gap-6"[39m
        [36m>[39m
          [36m<div[39m
            [33mclass[39m=[32m"bg-white rounded-2xl shadow-soft p-5 animate-slide-up [animation-delay:0ms]"[39m
          [36m>[39m
            [36m<div[39m
              [33mclass[39m=[32m"flex justify-between items-center mb-4"[39m
            [36m>[39m
              [36m<h3[39m
                [33mclass[39m=[32m"text-lg font-semibold text-gray-800"[39m
              [36m>[39m
                [0mTransport[0m
              [36m</h3>[39m
              [36m<span[39m
                [33mclass[39m=[32m"text-sm font-medium px-2.5 py-1 bg-brand-100 text-brand-700 rounded-full"[39m
              [36m>[39m
                [0m1.9[0m
                [0m kg[0m
              [36m</span>[39m
            [36m</div>[39m
            [36m<p[39m
              [33mclass[39m=[32m"text-sm text-gray-500 mb-6"[39m
            [36m>[39m
              [0mEmissions from driving, flying, and public transit.[0m
            [36m</p>[39m
            [36m<div[39m
              [33mclass[39m=[32m"space-y-4"[39m
            [36m>[39m
              [36m<div[39m
                [33mclass[39m=[32m"flex flex-col gap-2"[39m
              [36m>[39m
                [36m<label[39m
                  [33mclass[39m=[32m"text-sm font-medium text-gray-700 flex justify-between"[39m
                  [33mfor[39m=[32m"act-drive_gas_car"[39m
                [36m>[39m
                  [36m<span>[39m
                    [0mDriving a Gasoline Car[0m
                  [36m</span>[39m
                  [36m<span[39m
                    [33mclass[39m=[32m"text-gray-400 text-xs"[39m
                  [36m>[39m
                    [0m([0m
                    [0mkm[0m
                    [0m)[0m
                  [36m</span>[39m
                [36m</label>[39m
                [36m<div[39m
                  [33mclass[39m=[32m"flex items-center gap-3"[39m
                [36m>[39m
                  [36m<input[39m
                    [33mclass[39m=[32m"flex-1 rounded-xl border border-gray-300 px-3 py-2 text-sm focus:ring-2 
focus:ring-brand-500 focus:border-brand-500 shadow-sm"[39m
                    [33mid[39m=[32m"act-drive_gas_car"[39m
                    [33mmin[39m=[32m"0"[39m
                    [33mplaceholder[39m=[32m"0"[39m
                    [33mstep[39m=[32m"0.1"[39m
                    [33mtype[39m=[32m"number"[39m
                    [33mvalue[39m=[32m"10"[39m
                  [36m/>[39m
                [36m</div>[39m
              [36m</div>[39m
              [36m<div[39m
                [33mclass[39m=[32m"flex flex-col gap-2"[39m
              [36m>[39m
                [36m<label[39m
                  [33mclass[39m=[32m"text-sm font-medium text-gray-700 flex justify-between"[39m
                  [33mfor[39m=[32m"act-short_flight"[39m
                [36m>[39m
                  [36m<span>[39m
                    [0mShort-haul Flight[0m
                  [36m</span>[39m
                  [36m<span[39m
                    [33mclass[39m=[32m"text-gray-400 text-xs"[39m
                  [36m>[39m
                    [0m([0m
                    [0mkm[0m
                    [0m)[0m
                  [36m</span>[39m
                [36m</label>[39m
                [36m<div[39m
                  [33mclass[39m=[32m"flex items-center gap-3"[39m
                [36m>[39m
                  [36m<input[39m
                    [33mclass[39m=[32m"flex-1 rounded-xl border border-gray-300 px-3 py-2 text-sm focus:ring-2 
focus:ring-brand-500 focus:border-brand-500 shadow-sm"[39m
                    [33mid[39m=[32m"act-short_flight"[39m
                    [33mmin[39m=[32m"0"[39m
                    [33mplaceholder[39m=[32m"0"[39m
                    [33mstep[39m=[32m"0.1"[39m
                    [33mtype[39m=[32m"number"[39m
                    [33mvalue[39m=[32m""[39m
                  [36m/>[39m
                [36m</div>[39m
              [36m</div>[39m
            [36m</div>[39m
          [36m</div>[39m
          [36m<div[39m
            [33mclass[39m=[32m"bg-white rounded-2xl shadow-soft p-5 animate-slide-up [animation-delay:100ms]"[39m
          [36m>[39m
            [36m<div[39m
              [33mclass[39m=[32m"flex justify-between items-center mb-4"[39m
            [36m>[39m
              [36m<h3[39m
                [33mclass[39m=[32m"text-lg font-semibold text-gray-800"[39m
              [36m>[39m
                [0mFood & Diet[0m
              [36m</h3>[39m
              [36m<span[39m
                [33mclass[39m=[32m"text-sm font-medium px-2.5 py-1 bg-brand-100 text-brand-700 rounded-full"[39m
              [36m>[39m
                [0m0.0[0m
                [0m kg[0m
              [36m</span>[39m
            [36m</div>[39m
            [36m<p[39m
              [33mclass[39m=[32m"text-sm text-gray-500 mb-6"[39m
            [36m>[39m
              [0mEmissions related to food production, transport, and waste.[0m
            [36m</p>[39m
            [36m<div[39m
              [33mclass[39m=[32m"space-y-4"[39m
            [36m>[39m
              [36m<div[39m
                [33mclass[39m=[32m"flex flex-col gap-2"[39m
              [36m>[39m
                [36m<label[39m
                  [33mclass[39m=[32m"text-sm font-medium text-gray-700 flex justify-between"[39m
                  [33mfor[39m=[32m"act-beef_meal"[39m
                [36m>[39m
                  [36m<span>[39m
                    [0mBeef Meal[0m
                  [36m</span>[39m
                  [36m<span[39m
                    [33mclass[39m=[32m"text-gray-400 text-xs"[39m
                  [36m>[39m
                    [0m([0m
                    [0mserving[0m
                    [0m)[0m
                  [36m</span>[39m
                [36m</label>[39m
                [36m<div[39m
                  [33mclass[39m=[32m"flex items-center gap-3"[39m
                [36m>[39m
                  [36m<input[39m
                    [33mclass[39m=[32m"flex-1 rounded-xl border border-gray-300 px-3 py-2 text-sm focus:ring-2 
focus:ring-brand-500 focus:border-brand-500 shadow-sm"[39m
                    [33mid[39m=[32m"act-beef_meal"[39m
                    [33mmin[39m=[32m"0"[39m
                    [33mplaceholder[39m=[32m"0"[39m
                    [33mstep[39m=[32m"0.1"[39m
                    [33mtype[39m=[32m"number"[39m
                    [33mvalue[39m=[32m""[39m
                  [36m/>[39m
                [36m</div>[39m
              [36m</div>[39m
            [36m</div>[39m
          [36m</div>[39m
          [36m<div[39m
            [33mclass[39m=[32m"bg-white rounded-2xl shadow-soft p-5 animate-slide-up [animation-delay:200ms]"[39m
          [36m>[39m
            [36m<div[39m
              [33mclass[39m=[32m"flex justify-between items-center mb-4"[39m
            [36m>[39m
              [36m<h3[39m
                [33mclass[39m=[32m"text-lg font-semibold text-gray-800"[39m
              [36m>[39m
                [0mHome Energy[0m
              [36m</h3>[39m
              [36m<span[39m
                [33mclass[39m=[32m"text-sm font-medium px-2.5 py-1 bg-brand-100 text-brand-700 rounded-full"[39m
              [36m>[39m
                [0m0.0[0m
                [0m kg[0m
              [36m</span>[39m
            [36m</div>[39m
            [36m<p[39m
              [33mclass[39m=[32m"text-sm text-gray-500 mb-6"[39m
            [36m>[39m
              [0mElectricity, heating, and cooling your home.[0m
            [36m</p>[39m
            [36m<div[39m
              [33mclass[39m=[32m"space-y-4"[39m
            [36m>[39m
              [36m<div[39m
                [33mclass[39m=[32m"flex flex-col gap-2"[39m
              [36m>[39m
                [36m<label[39m
                  [33mclass[39m=[32m"text-sm font-medium text-gray-700 flex justify-between"[39m
                  [33mfor[39m=[32m"act-electricity_kwh"[39m
                [36m>[39m
                  [36m<span>[39m
                    [0mGrid Electricity[0m
                  [36m</span>[39m
                  [36m<span[39m
                    [33mclass[39m=[32m"text-gray-400 text-xs"[39m
                  [36m>[39m
                    [0m([0m
                    [0mkWh[0m
                    [0m)[0m
                  [36m</span>[39m
                [36m</label>[39m
                [36m<div[39m
                  [33mclass[39m=[32m"flex items-center gap-3"[39m
                [36m>[39m
                  [36m<input[39m
                    [33mclass[39m=[32m"flex-1 rounded-xl border border-gray-300 px-3 py-2 text-sm focus:ring-2 
focus:ring-brand-500 focus:border-brand-500 shadow-sm"[39m
                    [33mid[39m=[32m"act-electricity_kwh"[39m
                    [33mmin[39m=[32m"0"[39m
                    [33mplaceholder[39m=[32m"0"[39m
                    [33mstep[39m=[32m"0.1"[39m
                    [33mtype[39m=[32m"number"[39m
                    [33mvalue[39m=[32m""[39m
                  [36m/>[39m
                [36m</div>[39m
              [36m</div>[39m
            [36m</div>[39m
          [36m</div>[39m
          [36m<div[39m
            [33mclass[39m=[32m"bg-white rounded-2xl shadow-soft p-5 animate-slide-up [animation-delay:300ms]"[39m
          [36m>[39m
            [36m<div[39m
              [33mclass[39m=[32m"flex justify-between items-center mb-4"[39m
            [36m>[39m
              [36m<h3[39m
                [33mclass[39m=[32m"text-lg font-semibold text-gray-800"[39m
              [36m>[39m
                [0mShopping & Goods[0m
              [36m</h3>[39m
              [36m<span[39m
                [33mclass[39m=[32m"text-sm font-medium px-2.5 py-1 bg-brand-100 text-brand-700 rounded-full"[39m
              [36m>[39m
                [0m0.0[0m
                [0m kg[0m
              [36m</span>[39m
            [36m</div>[39m
            [36m<p[39m
              [33mclass[39m=[32m"text-sm text-gray-500 mb-6"[39m
            [36m>[39m
              [0mEmissions from producing and shipping the items you buy.[0m
            [36m</p>[39m
            [36m<div[39m
              [33mclass[39m=[32m"space-y-4"[39m
            [36m>[39m
              [36m<div[39m
                [33mclass[39m=[32m"flex flex-col gap-2"[39m
              [36m>[39m
                [36m<label[39m
                  [33mclass[39m=[32m"text-sm font-medium text-gray-700 flex justify-between"[39m
                  [33mfor[39m=[32m"act-buy_clothes"[39m
                [36m>[39m
                  [36m<span>[39m
                    [0mFast Fashion Items[0m
                  [36m</span>[39m
                  [36m<span[39m
                    [33mclass[39m=[32m"text-gray-400 text-xs"[39m
                  [36m>[39m
                    [0m([0m
                    [0mitem[0m
                    [0m)[0m
                  [36m</span>[39m
                [36m</label>[39m
                [36m<div[39m
                  [33mclass[39m=[32m"flex items-center gap-3"[39m
                [36m>[39m
                  [36m<input[39m
                    [33mclass[39m=[32m"flex-1 rounded-xl border border-gray-300 px-3 py-2 text-sm focus:ring-2 
focus:ring-brand-500 focus:border-brand-500 shadow-sm"[39m
                    [33mid[39m=[32m"act-buy_clothes"[39m
                    [33mmin[39m=[32m"0"[39m
                    [33mplaceholder[39m=[32m"0"[39m
                    [33mstep[39m=[32m"0.1"[39m
[2m Test Files [22m [1m[31m1 failed[39m[22m[90m (1)[39m
[2m      Tests [22m [1m[31m6 failed[39m[22m[2m | [22m[1m[32m7 passed[39m[22m[90m (13)[39m
[2m   Start at [22m 13:36:40
[2m   Duration [22m 1.37s[2m (transform 86ms, setup 71ms, collect 264ms, tests 118ms, environment 369ms, prepare 208ms)[22m

                    [33mtype[39m=[32m"number"[39m
                    [33mvalue[39m=[32m""[39m
                  [36m/>[39m
                [36m</div>[39m
              [36m</div>[39m
            [36m</div>[39m
          [36m</div>[39m
        [36m</div>[39m
      [36m</div>[39m
    [36m</div>[39m
  [36m</div>[39m
[36m</body>[39m
[90m [2mΓ¥»[22m Object.getElementError node_modules/@testing-library/dom/dist/config.js:[2m37:19[22m[39m
[90m [2mΓ¥»[22m getElementError node_modules/@testing-library/dom/dist/query-helpers.js:[2m20:35[22m[39m
[90m [2mΓ¥»[22m getMultipleElementsFoundError 
node_modules/@testing-library/dom/dist/query-helpers.js:[2m23:10[22m[39m
[90m [2mΓ¥»[22m node_modules/@testing-library/dom/dist/query-helpers.js:[2m55:13[22m[39m
[90m [2mΓ¥»[22m node_modules/@testing-library/dom/dist/query-helpers.js:[2m95:19[22m[39m
[36m [2mΓ¥»[22m src/__tests__/app.test.tsx:[2m135:19[22m[39m
    [90m133| [39m    [90m// mock state: transport.drive_gas_car = 10 -> 10 * 0.192 = 1.92[39m
    [90m134| [39m    [90m// Output text is "1.9 kg COΓéée"[39m
    [90m135| [39m    [34mexpect[39m(screen[33m.[39m[34mgetByText[39m([36m/1.9/[39m))[33m.[39m[34mtoBeInThe
Document[39m()[33m;[39m
    [90m   | [39m                  [31m^[39m
    [90m136| [39m  })[33m;[39m
    [90m137| [39m})[33m;[39m

[31m[2mΓÄ»ΓÄ»ΓÄ»ΓÄ»ΓÄ»ΓÄ»ΓÄ»ΓÄ»ΓÄ»ΓÄ»ΓÄ»ΓÄ»ΓÄ»ΓÄ»ΓÄ»ΓÄ»ΓÄ»ΓÄ»ΓÄ»ΓÄ»ΓÄ»ΓÄ»ΓÄ»ΓÄ»[2/6]ΓÄ»[22m[39m

